[html.kodeforest.net/templates/democracy/index.html]
[backblue.gif]
[fade.gif]
[index.html]
[html.kodeforest.net/templates/democracy/css/bootstrap.min.css]
[html.kodeforest.net/templates/democracy/css/fullcalendar.css]
[html.kodeforest.net/templates/democracy/css/jquery.bxslider.css]
[html.kodeforest.net/templates/democracy/css/owl.carousel.css]
[html.kodeforest.net/templates/democracy/css/font-awesome.min.css]
[html.kodeforest.net/templates/democracy/css/prettyPhoto.css]
[html.kodeforest.net/templates/democracy/svg-icon/svg-style.css]
[html.kodeforest.net/templates/democracy/css/widget.css]
[html.kodeforest.net/templates/democracy/css/typography.css]
[html.kodeforest.net/templates/democracy/css/TimeCircles.css]
[html.kodeforest.net/templates/democracy/css/shortcodes.css]
[html.kodeforest.net/templates/democracy/js/dl-menu/component.css]
[html.kodeforest.net/templates/democracy/style.css]
[html.kodeforest.net/templates/democracy/css/color.css]
[html.kodeforest.net/templates/democracy/css/responsive.css]
[html.kodeforest.net/templates/democracy/index-2.html]
[html.kodeforest.net/templates/democracy/images/logo.png]
[html.kodeforest.net/templates/democracy/about-us.html]
[html.kodeforest.net/templates/democracy/event.html]
[html.kodeforest.net/templates/democracy/event-detail.html]
[html.kodeforest.net/templates/democracy/press-release.html]
[html.kodeforest.net/templates/democracy/news.html]
[html.kodeforest.net/templates/democracy/news-list.html]
[html.kodeforest.net/templates/democracy/news-detail.html]
[html.kodeforest.net/templates/democracy/team.html]
[html.kodeforest.net/templates/democracy/team-detail.html]
[html.kodeforest.net/templates/democracy/services.html]
[html.kodeforest.net/templates/democracy/404.html]
[html.kodeforest.net/templates/democracy/comming-soon.html]
[html.kodeforest.net/templates/democracy/shortcode.html]
[html.kodeforest.net/templates/democracy/contact-us.html]
[html.kodeforest.net/templates/democracy/extra-images/banner-01.jpg]
[html.kodeforest.net/templates/democracy/extra-images/banner-02.jpg]
[html.kodeforest.net/templates/democracy/extra-images/banner-03.jpg]
[html.kodeforest.net/templates/democracy/extra-images/program-02.jpg]
[html.kodeforest.net/templates/democracy/extra-images/program-01.jpg]
[html.kodeforest.net/templates/democracy/extra-images/program-03.jpg]
[html.kodeforest.net/templates/democracy/extra-images/welcome-demo-01.jpg]
[html.kodeforest.net/templates/democracy/extra-images/welcome-demo-02.jpg]
[html.kodeforest.net/templates/democracy/extra-images/welcome-demo-03.jpg]
[html.kodeforest.net/templates/democracy/extra-images/welcome-demo-04.jpg]
[html.kodeforest.net/templates/democracy/extra-images/press-news-01.jpg]
[html.kodeforest.net/templates/democracy/extra-images/press-news-02.jpg]
[html.kodeforest.net/templates/democracy/extra-images/press-news-03.jpg]
[html.kodeforest.net/templates/democracy/extra-images/latest-wrk-01.jpg]
[html.kodeforest.net/templates/democracy/extra-images/latest-wrk-02.jpg]
[html.kodeforest.net/templates/democracy/extra-images/latest-wrk-05.jpg]
[html.kodeforest.net/templates/democracy/extra-images/latest-wrk-04.jpg]
[html.kodeforest.net/templates/democracy/extra-images/latest-wrk-06.jpg]
[html.kodeforest.net/templates/democracy/extra-images/latest-wrk-07.jpg]
[html.kodeforest.net/templates/democracy/extra-images/latest-wrk-08.jpg]
[html.kodeforest.net/templates/democracy/extra-images/politician-01.jpg]
[html.kodeforest.net/templates/democracy/extra-images/politician-02.jpg]
[html.kodeforest.net/templates/democracy/extra-images/politician-03.jpg]
[html.kodeforest.net/templates/democracy/extra-images/blog-01.jpg]
[html.kodeforest.net/templates/democracy/extra-images/blog-01-2.jpg]
[html.kodeforest.net/templates/democracy/extra-images/blog-01-3.jpg]
[html.kodeforest.net/templates/democracy/extra-images/blog-02.jpg]
[html.kodeforest.net/templates/democracy/extra-images/blog-03.jpg]
[html.kodeforest.net/templates/democracy/extra-images/video-01.jpg]
[html.kodeforest.net/templates/democracy/extra-images/video-03.jpg]
[html.kodeforest.net/templates/democracy/extra-images/video-04.jpg]
[html.kodeforest.net/templates/democracy/extra-images/video-05.jpg]
[html.kodeforest.net/templates/democracy/extra-images/video-06.jpg]
[html.kodeforest.net/templates/democracy/extra-images/video-07.jpg]
[html.kodeforest.net/templates/democracy/extra-images/testimonial-01.png]
[html.kodeforest.net/templates/democracy/extra-images/testimonial-02.png]
[html.kodeforest.net/templates/democracy/images/footer-logo.png]
[html.kodeforest.net/templates/democracy/extra-images/footer-event-01.jpg]
[html.kodeforest.net/templates/democracy/extra-images/instagram-01.jpg]
[html.kodeforest.net/templates/democracy/extra-images/instagram-02.jpg]
[html.kodeforest.net/templates/democracy/extra-images/instagram-03.jpg]
[html.kodeforest.net/templates/democracy/extra-images/instagram-04.jpg]
[html.kodeforest.net/templates/democracy/extra-images/instagram-05.jpg]
[html.kodeforest.net/templates/democracy/extra-images/instagram-06.jpg]
[html.kodeforest.net/templates/democracy/js/jquery.js]
[html.kodeforest.net/templates/democracy/js/bootstrap.js]
[html.kodeforest.net/templates/democracy/js/jquery.bxslider.min.js]
[html.kodeforest.net/templates/democracy/js/jquery.downCount.js]
[html.kodeforest.net/templates/democracy/js/owl.carousel.min.js]
[html.kodeforest.net/templates/democracy/js/waypoints-min.js]
[html.kodeforest.net/templates/democracy/js/pie.js]
[html.kodeforest.net/templates/democracy/js/jquery.accordion.js]
[html.kodeforest.net/templates/democracy/js/TimeCircles.js]
[html.kodeforest.net/templates/democracy/js/jquery.prettyPhoto.js]
[html.kodeforest.net/templates/democracy/js/jquery-filterable.js]
[html.kodeforest.net/templates/democracy/js/dl-menu/modernizr.custom.js]
[html.kodeforest.net/templates/democracy/js/dl-menu/jquery.dlmenu.js]
[html.kodeforest.net/templates/democracy/js/moment.min.js]
[html.kodeforest.net/templates/democracy/js/fullcalendar.min.js]
[html.kodeforest.net/templates/democracy/index.html]
[html.kodeforest.net/templates/democracy/js/custom.js]
[html.kodeforest.net/templates/democracy/fonts/glyphicons-halflings-regular.eot]
[html.kodeforest.net/templates/democracy/fonts/glyphicons-halflings-regulard41d.eot]
[html.kodeforest.net/templates/democracy/fonts/glyphicons-halflings-regular.woff2]
[html.kodeforest.net/templates/democracy/fonts/glyphicons-halflings-regular.woff]
[html.kodeforest.net/templates/democracy/fonts/glyphicons-halflings-regular.ttf]
[html.kodeforest.net/templates/democracy/css/bootstrap.min.css]
[html.kodeforest.net/templates/democracy/css/fullcalendar.css]
[html.kodeforest.net/templates/democracy/fonts/glyphicons-halflings-regular.svg]
[html.kodeforest.net/templates/democracy/css/images/bx_loader.gif]
[html.kodeforest.net/templates/democracy/css/jquery.bxslider.css]
[html.kodeforest.net/templates/democracy/css/grabbing.html]
[html.kodeforest.net/templates/democracy/css/owl.carousel.css]
[html.kodeforest.net/templates/democracy/css/AjaxLoader.html]
[html.kodeforest.net/templates/democracy/fonts/fontawesome-webfontd41d.eot]
[html.kodeforest.net/templates/democracy/fonts/fontawesome-webfont93e3.woff2]
[html.kodeforest.net/templates/democracy/fonts/fontawesome-webfont93e3.eot]
[html.kodeforest.net/templates/democracy/fonts/fontawesome-webfont93e3.woff]
[html.kodeforest.net/templates/democracy/fonts/fontawesome-webfont93e3.ttf]
[html.kodeforest.net/templates/democracy/css/font-awesome.min.css]
[html.kodeforest.net/templates/democracy/fonts/fontawesome-webfont93e3.svg]
[html.kodeforest.net/templates/democracy/images/prettyPhoto/default/sprite.png]
[html.kodeforest.net/templates/democracy/images/prettyPhoto/default/sprite_x.png]
[html.kodeforest.net/templates/democracy/images/prettyPhoto/default/sprite_y.png]
[html.kodeforest.net/templates/democracy/images/prettyPhoto/default/sprite_next.png]
[html.kodeforest.net/templates/democracy/images/prettyPhoto/default/sprite_prev.png]
[html.kodeforest.net/templates/democracy/images/prettyPhoto/default/default_thumb.png]
[html.kodeforest.net/templates/democracy/images/prettyPhoto/default/loader.gif]
[html.kodeforest.net/templates/democracy/images/prettyPhoto/light_rounded/sprite.png]
[html.kodeforest.net/templates/democracy/images/prettyPhoto/light_rounded/btnNext.png]
[html.kodeforest.net/templates/democracy/images/prettyPhoto/light_rounded/btnPrevious.png]
[html.kodeforest.net/templates/democracy/images/prettyPhoto/dark_rounded/sprite.png]
[html.kodeforest.net/templates/democracy/images/prettyPhoto/dark_rounded/contentPattern.png]
[html.kodeforest.net/templates/democracy/images/prettyPhoto/dark_rounded/btnNext.png]
[html.kodeforest.net/templates/democracy/images/prettyPhoto/dark_rounded/btnPrevious.png]
[html.kodeforest.net/templates/democracy/images/prettyPhoto/dark_rounded/loader.gif]
[html.kodeforest.net/templates/democracy/images/prettyPhoto/dark_square/loader.gif]
[html.kodeforest.net/templates/democracy/images/prettyPhoto/dark_square/sprite.png]
[html.kodeforest.net/templates/democracy/images/prettyPhoto/dark_square/btnNext.png]
[html.kodeforest.net/templates/democracy/images/prettyPhoto/dark_square/btnPrevious.png]
[html.kodeforest.net/templates/democracy/images/prettyPhoto/light_square/sprite.png]
[html.kodeforest.net/templates/democracy/images/prettyPhoto/light_square/btnNext.png]
[html.kodeforest.net/templates/democracy/images/prettyPhoto/light_square/btnPrevious.png]
[html.kodeforest.net/templates/democracy/images/prettyPhoto/facebook/sprite.png]
[html.kodeforest.net/templates/democracy/images/prettyPhoto/facebook/contentPatternTop.png]
[html.kodeforest.net/templates/democracy/images/prettyPhoto/facebook/contentPatternLeft.png]
[html.kodeforest.net/templates/democracy/images/prettyPhoto/facebook/contentPatternRight.png]
[html.kodeforest.net/templates/democracy/images/prettyPhoto/facebook/loader.gif]
[html.kodeforest.net/templates/democracy/images/prettyPhoto/facebook/btnNext.png]
[html.kodeforest.net/templates/democracy/images/prettyPhoto/facebook/btnPrevious.png]
[html.kodeforest.net/templates/democracy/images/prettyPhoto/facebook/contentPatternBottom.png]
[html.kodeforest.net/templates/democracy/images/prettyPhoto/facebook/default_thumbnail.gif]
[html.kodeforest.net/templates/democracy/images/prettyPhoto/light_rounded/loader.gif]
[html.kodeforest.net/templates/democracy/css/prettyPhoto.css]
[html.kodeforest.net/templates/democracy/svg-icon/fonts/icomoondbdd.eot]
[html.kodeforest.net/templates/democracy/svg-icon/fonts/icomoondbdd.ttf]
[html.kodeforest.net/templates/democracy/svg-icon/fonts/icomoondbdd.woff]
[html.kodeforest.net/templates/democracy/svg-icon/svg-style.css]
[html.kodeforest.net/templates/democracy/css/widget.css]
[html.kodeforest.net/templates/democracy/css/typography.css]
[html.kodeforest.net/templates/democracy/css/TimeCircles.css]
[html.kodeforest.net/templates/democracy/css/shortcodes.css]
[html.kodeforest.net/templates/democracy/js/dl-menu/component.css]
[html.kodeforest.net/templates/democracy/svg-icon/fonts/icomoondbdd.svg]
[html.kodeforest.net/templates/democracy/extra-images/wht-we-do-01.jpg]
[html.kodeforest.net/templates/democracy/images/purchase-now-bg.jpg]
[html.kodeforest.net/templates/democracy/images/count-up-bg.jpg]
[html.kodeforest.net/templates/democracy/extra-images/upcomming-election-01.jpg]
[html.kodeforest.net/templates/democracy/images/testiminial-bg.png]
[html.kodeforest.net/templates/democracy/images/contact-us-bg.jpg]
[html.kodeforest.net/templates/democracy/images/about-us-01.jpg]
[html.kodeforest.net/templates/democracy/images/volunter-bg.jpg]
[html.kodeforest.net/templates/democracy/images/our-skill-bg.jpg]
[html.kodeforest.net/templates/democracy/images/timer-bg-01.jpg]
[html.kodeforest.net/templates/democracy/images/comeing-soon.jpg]
[html.kodeforest.net/templates/democracy/style.css]
[html.kodeforest.net/templates/democracy/css/color.css]
[html.kodeforest.net/templates/democracy/css/responsive.css]
[html.kodeforest.net/templates/democracy/index-2.html]
[html.kodeforest.net/templates/democracy/extra-images/achievement-01.jpg]
[html.kodeforest.net/templates/democracy/extra-images/achievement-02.jpg]
[html.kodeforest.net/templates/democracy/extra-images/achievement-03.jpg]
[html.kodeforest.net/templates/democracy/extra-images/achievement-04.jpg]
[html.kodeforest.net/templates/democracy/extra-images/achievement-05.jpg]
[html.kodeforest.net/templates/democracy/extra-images/where-we-01.jpg]
[html.kodeforest.net/templates/democracy/extra-images/where-we-02.jpg]
[html.kodeforest.net/templates/democracy/extra-images/where-we-03.jpg]
[html.kodeforest.net/templates/democracy/extra-images/where-we-04.jpg]
[html.kodeforest.net/templates/democracy/extra-images/where-we-06.jpg]
[html.kodeforest.net/templates/democracy/extra-images/where-we-05.jpg]
[html.kodeforest.net/templates/democracy/extra-images/why-we-01.jpg]
[html.kodeforest.net/templates/democracy/about-us.html]
[html.kodeforest.net/templates/democracy/extra-images/event-06.jpg]
[html.kodeforest.net/templates/democracy/extra-images/event-02.jpg]
[html.kodeforest.net/templates/democracy/extra-images/event-03.jpg]
[html.kodeforest.net/templates/democracy/extra-images/event-04.jpg]
[html.kodeforest.net/templates/democracy/extra-images/event-05.jpg]
[html.kodeforest.net/templates/democracy/extra-images/event-07.jpg]
[html.kodeforest.net/templates/democracy/event.html]
[html.kodeforest.net/templates/democracy/extra-images/event-detail-01.jpg]
[html.kodeforest.net/templates/democracy/extra-images/orgnizer-01.jpg]
[html.kodeforest.net/templates/democracy/extra-images/orgnizer-02.jpg]
[html.kodeforest.net/templates/democracy/extra-images/related-event-01.jpg]
[html.kodeforest.net/templates/democracy/extra-images/related-event-02.jpg]
[html.kodeforest.net/templates/democracy/extra-images/related-event-03.jpg]
[html.kodeforest.net/templates/democracy/extra-images/comment-01.jpg]
[html.kodeforest.net/templates/democracy/extra-images/comment-02.jpg]
[html.kodeforest.net/templates/democracy/extra-images/comment-03.jpg]
[html.kodeforest.net/templates/democracy/extra-images/comment-04.jpg]
[html.kodeforest.net/templates/democracy/extra-images/aside-gallery-01.jpg]
[html.kodeforest.net/templates/democracy/extra-images/aside-gallery-02.jpg]
[html.kodeforest.net/templates/democracy/extra-images/aside-gallery-03.jpg]
[html.kodeforest.net/templates/democracy/extra-images/aside-gallery-04.jpg]
[html.kodeforest.net/templates/democracy/extra-images/aside-gallery-05.jpg]
[html.kodeforest.net/templates/democracy/extra-images/aside-gallery-06.jpg]
[html.kodeforest.net/templates/democracy/extra-images/aside-related-01.jpg]
[html.kodeforest.net/templates/democracy/extra-images/aside-related-02.jpg]
[html.kodeforest.net/templates/democracy/event-detail.html]
[html.kodeforest.net/templates/democracy/extra-images/press-news-09.jpg]
[html.kodeforest.net/templates/democracy/extra-images/press-news-07.jpg]
[html.kodeforest.net/templates/democracy/extra-images/press-news-08.jpg]
[html.kodeforest.net/templates/democracy/press-release.html]
[html.kodeforest.net/templates/democracy/extra-images/news-01.jpg]
[html.kodeforest.net/templates/democracy/extra-images/news-02.jpg]
[html.kodeforest.net/templates/democracy/extra-images/news-03.jpg]
[html.kodeforest.net/templates/democracy/extra-images/news-04.jpg]
[html.kodeforest.net/templates/democracy/extra-images/news-05.jpg]
[html.kodeforest.net/templates/democracy/extra-images/news-06.jpg]
[html.kodeforest.net/templates/democracy/extra-images/news-07.jpg]
[html.kodeforest.net/templates/democracy/extra-images/news-08.jpg]
[html.kodeforest.net/templates/democracy/extra-images/news-09.jpg]
[html.kodeforest.net/templates/democracy/news.html]
[html.kodeforest.net/templates/democracy/extra-images/news-list-01.jpg]
[html.kodeforest.net/templates/democracy/extra-images/news-list-02.jpg]
[html.kodeforest.net/templates/democracy/extra-images/news-list-03.jpg]
[html.kodeforest.net/templates/democracy/extra-images/news-list-04.jpg]
[html.kodeforest.net/templates/democracy/extra-images/news-list-05.jpg]
[html.kodeforest.net/templates/democracy/extra-images/news-list-06.jpg]
[html.kodeforest.net/templates/democracy/extra-images/news-list-07.jpg]
[html.kodeforest.net/templates/democracy/extra-images/news-list-08.jpg]
[html.kodeforest.net/templates/democracy/extra-images/aside-event-01.jpg]
[html.kodeforest.net/templates/democracy/extra-images/aside-event-02.jpg]
[html.kodeforest.net/templates/democracy/extra-images/aside-video-01.jpg]
[html.kodeforest.net/templates/democracy/extra-images/aside-flicker-01.jpg]
[html.kodeforest.net/templates/democracy/extra-images/aside-flicker-02.jpg]
[html.kodeforest.net/templates/democracy/extra-images/aside-flicker-03.jpg]
[html.kodeforest.net/templates/democracy/extra-images/aside-flicker-04.jpg]
[html.kodeforest.net/templates/democracy/extra-images/aside-flicker-05.jpg]
[html.kodeforest.net/templates/democracy/extra-images/aside-flicker-06.jpg]
[html.kodeforest.net/templates/democracy/news-list.html]
[html.kodeforest.net/templates/democracy/extra-images/news-detail-01.jpg]
[html.kodeforest.net/templates/democracy/news-detail.html]
[html.kodeforest.net/templates/democracy/extra-images/politician-04.jpg]
[html.kodeforest.net/templates/democracy/extra-images/politician-05.jpg]
[html.kodeforest.net/templates/democracy/extra-images/politician-06.jpg]
[html.kodeforest.net/templates/democracy/team.html]
[html.kodeforest.net/templates/democracy/extra-images/team-01.jpg]
[html.kodeforest.net/templates/democracy/extra-images/edu-02.jpg]
[html.kodeforest.net/templates/democracy/extra-images/edu-01.jpg]
[html.kodeforest.net/templates/democracy/extra-images/work-01.jpg]
[html.kodeforest.net/templates/democracy/extra-images/work-02.jpg]
[html.kodeforest.net/templates/democracy/extra-images/work-03.jpg]
[html.kodeforest.net/templates/democracy/team-detail.html]
[html.kodeforest.net/templates/democracy/extra-images/video-02.jpg]
[html.kodeforest.net/templates/democracy/extra-images/advance-service-02.jpg]
[html.kodeforest.net/templates/democracy/extra-images/advance-service-03.jpg]
[html.kodeforest.net/templates/democracy/extra-images/advance-service-01.jpg]
[html.kodeforest.net/templates/democracy/extra-images/advance-service-04.jpg]
[html.kodeforest.net/templates/democracy/extra-images/choose-tab-01.jpg]
[html.kodeforest.net/templates/democracy/extra-images/choose-tab-02.jpg]
[html.kodeforest.net/templates/democracy/extra-images/choose-tab-03.jpg]
[html.kodeforest.net/templates/democracy/extra-images/choose-tab-04.jpg]
[html.kodeforest.net/templates/democracy/services.html]
[html.kodeforest.net/templates/democracy/404.html]
[html.kodeforest.net/templates/democracy/images/demo_logo.png]
[html.kodeforest.net/templates/democracy/comming-soon.html]
[html.kodeforest.net/templates/democracy/shortcode.html]
[html.kodeforest.net/templates/democracy/extra-images/get-touch-01.png]
[html.kodeforest.net/templates/democracy/contact-us.html]
[html.kodeforest.net/templates/democracy/fonts/glyphicons-halflings-regular.svg]
[html.kodeforest.net/templates/democracy/css/grabbing.html]
[html.kodeforest.net/templates/democracy/css/AjaxLoader.html]
[html.kodeforest.net/templates/democracy/fonts/fontawesome-webfont93e3.svg]
[html.kodeforest.net/templates/democracy/svg-icon/fonts/icomoondbdd.svg]
